/workspace/extracted/bot/bot.py:1452: PTBUserWarning: Prior to v20.0 the `days` parameter was not aligned to that of cron's weekday scheme. We recommend double checking if the passed value is correct.
  app.job_queue.run_daily(auto_weekly_report, days=[6], time=__import__("datetime").time(hour=9, minute=0))
2026-08-07 14:10:36,351 — apscheduler.scheduler — INFO — Adding job tentatively -- it will be properly scheduled when the scheduler starts
2026-08-07 14:10:36,351 — afaq_bot — INFO — 📅 تم جدولة التقرير الأسبوعي — كل يوم أحد 9 صباحاً
2026-08-07 14:10:36,351 — apscheduler.scheduler — INFO — Adding job tentatively -- it will be properly scheduled when the scheduler starts
2026-08-07 14:10:36,351 — afaq_bot — INFO — 🧭 تم جدولة تحديث الأسعار اليومي — كل يوم 6 صباحاً
2026-08-07 14:10:36,351 — afaq_bot — INFO — 🚀 بدء تشغيل بوت آفاق الإنجاز العقاري...
2026-08-07 14:10:36,900 — httpx — INFO — HTTP Request: POST https://api.telegram.org/bot8629398802:AAE2ndFy06GfV8qSQpd-cOKDccPUt_G05Os/getMe "HTTP/1.1 200 OK"
2026-08-07 14:10:37,062 — httpx — INFO — HTTP Request: POST https://api.telegram.org/bot8629398802:AAE2ndFy06GfV8qSQpd-cOKDccPUt_G05Os/deleteWebhook "HTTP/1.1 200 OK"
2026-08-07 14:10:37,064 — apscheduler.scheduler — INFO — Added job "auto_weekly_report" to job store "default"
2026-08-07 14:10:37,064 — apscheduler.scheduler — INFO — Added job "auto_update_prices" to job store "default"
2026-08-07 14:10:37,064 — apscheduler.scheduler — INFO — Scheduler started
2026-08-07 14:10:37,064 — telegram.ext.Application — INFO — Application started
2026-08-07 14:10:37,554 — httpx — INFO — HTTP Request: POST https://api.telegram.org/bot8629398802:AAE2ndFy06GfV8qSQpd-cOKDccPUt_G05Os/getUpdates "HTTP/1.1 200 OK"
2026-08-07 14:10:37,930 — httpx — INFO — HTTP Request: POST https://api.telegram.org/bot8629398802:AAE2ndFy06GfV8qSQpd-cOKDccPUt_G05Os/sendMessage "HTTP/1.1 200 OK"
2026-08-07 14:10:38,192 — httpx — INFO — HTTP Request: POST https://api.telegram.org/bot8629398802:AAE2ndFy06GfV8qSQpd-cOKDccPUt_G05Os/sendMessage "HTTP/1.1 200 OK"
2026-08-07 14:10:38,410 — httpx — INFO — HTTP Request: POST https://api.telegram.org/bot8629398802:AAE2ndFy06GfV8qSQpd-cOKDccPUt_G05Os/sendMessage "HTTP/1.1 200 OK"
2026-08-07 14:10:47,719 — httpx — INFO — HTTP Request: POST https://api.telegram.org/bot8629398802:AAE2ndFy06GfV8qSQpd-cOKDccPUt_G05Os/getUpdates "HTTP/1.1 200 OK"
2026-08-07 14:10:57,880 — httpx — INFO — HTTP Request: POST https://api.telegram.org/bot8629398802:AAE2ndFy06GfV8qSQpd-cOKDccPUt_G05Os/getUpdates "HTTP/1.1 200 OK"
2026-08-07 14:11:08,040 — httpx — INFO — HTTP Request: POST https://api.telegram.org/bot8629398802:AAE2ndFy06GfV8qSQpd-cOKDccPUt_G05Os/getUpdates "HTTP/1.1 200 OK"
2026-08-07 14:11:18,201 — httpx — INFO — HTTP Request: POST https://api.telegram.org/bot8629398802:AAE2ndFy06GfV8qSQpd-cOKDccPUt_G05Os/getUpdates "HTTP/1.1 200 OK"
2026-08-07 14:11:28,362 — httpx — INFO — HTTP Request: POST https://api.telegram.org/bot8629398802:AAE2ndFy06GfV8qSQpd-cOKDccPUt_G05Os/getUpdates "HTTP/1.1 200 OK"
2026-08-07 14:11:38,522 — httpx — INFO — HTTP Request: POST https://api.telegram.org/bot8629398802:AAE2ndFy06GfV8qSQpd-cOKDccPUt_G05Os/getUpdates "HTTP/1.1 200 OK"
2026-08-07 14:11:48,683 — httpx — INFO — HTTP Request: POST https://api.telegram.org/bot8629398802:AAE2ndFy06GfV8qSQpd-cOKDccPUt_G05Os/getUpdates "HTTP/1.1 200 OK"
2026-08-07 14:11:58,844 — httpx — INFO — HTTP Request: POST https://api.telegram.org/bot8629398802:AAE2ndFy06GfV8qSQpd-cOKDccPUt_G05Os/getUpdates "HTTP/1.1 200 OK"
2026-08-07 14:12:09,005 — httpx — INFO — HTTP Request: POST https://api.telegram.org/bot8629398802:AAE2ndFy06GfV8qSQpd-cOKDccPUt_G05Os/getUpdates "HTTP/1.1 200 OK"
2026-08-07 14:12:19,166 — httpx — INFO — HTTP Request: POST https://api.telegram.org/bot8629398802:AAE2ndFy06GfV8qSQpd-cOKDccPUt_G05Os/getUpdates "HTTP/1.1 200 OK"
2026-08-07 14:12:29,326 — httpx — INFO — HTTP Request: POST https://api.telegram.org/bot8629398802:AAE2ndFy06GfV8qSQpd-cOKDccPUt_G05Os/getUpdates "HTTP/1.1 200 OK"
2026-08-07 14:12:39,487 — httpx — INFO — HTTP Request: POST https://api.telegram.org/bot8629398802:AAE2ndFy06GfV8qSQpd-cOKDccPUt_G05Os/getUpdates "HTTP/1.1 200 OK"
2026-08-07 14:12:49,648 — httpx — INFO — HTTP Request: POST https://api.telegram.org/bot8629398802:AAE2ndFy06GfV8qSQpd-cOKDccPUt_G05Os/getUpdates "HTTP/1.1 200 OK"
2026-08-07 14:12:59,808 — httpx — INFO — HTTP Request: POST https://api.telegram.org/bot8629398802:AAE2ndFy06GfV8qSQpd-cOKDccPUt_G05Os/getUpdates "HTTP/1.1 200 OK"
2026-08-07 14:13:09,969 — httpx — INFO — HTTP Request: POST https://api.telegram.org/bot8629398802:AAE2ndFy06GfV8qSQpd-cOKDccPUt_G05Os/getUpdates "HTTP/1.1 200 OK"
2026-08-07 14:13:20,130 — httpx — INFO — HTTP Request: POST https://api.telegram.org/bot8629398802:AAE2ndFy06GfV8qSQpd-cOKDccPUt_G05Os/getUpdates "HTTP/1.1 200 OK"
